<html>
<body>
<pre>
<h1>µVision Build Log</h1>
<h2>Project:</h2>
C:\Users\student\Desktop\210905244_ES\lab8\lab8.uvproj
Project File Date:  04/12/2023

<h2>Output:</h2>
Build target 'Target 1'
compiling q4.c...
linking...
Program Size: Code=2168 RO-data=236 RW-data=88 ZI-data=608  
FromELF: creating hex file...
".\lab8.axf" - 0 Error(s), 0 Warning(s).
unreachable
        return 0;
q3.c: 2 warnings, 0 errors
linking...
Program Size: Code=1876 RO-data=236 RW-data=76 ZI-data=612  
FromELF: creating hex file...
".\lab8.axf" - 0 Error(s), 2 Warning(s).
mbol lcd_com (referred from q3.o).
Not enough information to list image symbols.
Finished: 1 information, 0 warning and 1 error messages.
".\lab8.axf" - 1 Error(s), 3 Warning(s).
Target not created
): warning:  #223-D: function "lcd_puts" declared implicitly
        lcd_puts(&msg1[0]);
q3.c(57): warning:  #111-D: statement is unreachable
        return 0;
q3.c(62): error:  #20: identifier "LPC_GPIO1" is undefined
        temp3 = LPC_GPIO1->FIOPIN;
q3.c(71): warning:  #1-D: last line of file ends without a newline
  }
q3.c: 6 warnings, 4 errors
".\lab8.axf" - 4 Error(s), 6 Warning(s).
Target not created
